001 Q0 653941482882134016 1 8.008411 bm25
001 Q0 653278466788487168 2 6.492112 bm25
001 Q0 653278355677184000 3 6.078768 bm25
001 Q0 653278331278913536 4 6.0149407 bm25
001 Q0 653941285045276672 5 5.9438467 bm25
001 Q0 654266183605063680 6 5.9044123 bm25
001 Q0 653941291722645504 7 4.5442576 bm25
001 Q0 653941510665338880 8 4.493335 bm25
001 Q0 653278536707506176 9 4.44354 bm25
001 Q0 653278350732042245 10 4.44354 bm25
001 Q0 653278493485236224 11 4.3948374 bm25
001 Q0 654279409587875840 12 4.3948374 bm25
001 Q0 654279308010225665 13 4.3948374 bm25
001 Q0 653278413504020480 14 4.347191 bm25
001 Q0 653941463051579392 15 4.347191 bm25
001 Q0 654279454278197248 16 4.347191 bm25
001 Q0 651713352637411328 17 4.269499 bm25
001 Q0 653941509683851269 18 4.2549305 bm25
001 Q0 653941534283440128 19 4.2333674 bm25
001 Q0 653941273494093825 20 4.2102537 bm25
002 Q0 654279412926517249 1 25.307877 bm25
002 Q0 653941282583257088 2 12.255888 bm25
002 Q0 653941400904536064 3 11.75457 bm25
002 Q0 653941469523214336 4 11.545114 bm25
002 Q0 654279474809319425 5 7.425712 bm25
002 Q0 654279215596961792 6 7.195246 bm25
002 Q0 654279396598116352 7 7.1841936 bm25
002 Q0 653941498925350914 8 6.864615 bm25
002 Q0 653941391769210880 9 6.864615 bm25
002 Q0 653941338560438272 10 6.864615 bm25
002 Q0 654279290561781760 11 6.016948 bm25
002 Q0 653941513165086720 12 5.893238 bm25
002 Q0 654279369783771136 13 5.7391324 bm25
002 Q0 653278435205337088 14 5.72517 bm25
002 Q0 653278324035338241 15 5.595956 bm25
002 Q0 647044544765165568 16 5.574804 bm25
002 Q0 647043405348999170 17 4.8297477 bm25
002 Q0 653278373674921984 18 4.820873 bm25
002 Q0 653941265109684225 19 4.7949505 bm25
002 Q0 653941311997890560 20 4.7707796 bm25
003 Q0 648234039841845248 1 13.828194 bm25
003 Q0 652488980856995840 2 13.568565 bm25
003 Q0 653941336299606016 3 12.973699 bm25
003 Q0 647458045761601536 4 10.645327 bm25
003 Q0 651023411322462208 5 10.419401 bm25
003 Q0 647458516115025921 6 9.578016 bm25
003 Q0 647458476734595074 7 8.375709 bm25
003 Q0 653270080931950592 8 7.0003924 bm25
003 Q0 647457976605908993 9 5.801758 bm25
003 Q0 647458153852964864 10 5.7478385 bm25
003 Q0 651023704445571072 11 5.469924 bm25
003 Q0 651385352398180355 12 5.2330337 bm25
003 Q0 647043244619120640 13 5.1102457 bm25
003 Q0 650769469980151808 14 5.098511 bm25
003 Q0 652113787491852288 15 4.979746 bm25
003 Q0 647452729619677184 16 4.773388 bm25
003 Q0 654279252913745920 17 4.748953 bm25
003 Q0 650746046348267521 18 4.7396493 bm25
003 Q0 647446017323966464 19 4.559076 bm25
003 Q0 651385140426473472 20 4.4408937 bm25
004 Q0 647435592133943296 1 19.930275 bm25
004 Q0 647450320449241088 2 19.444717 bm25
004 Q0 647448990443827200 3 19.444717 bm25
004 Q0 647448171325620224 4 19.444717 bm25
004 Q0 647440709788807168 5 19.444717 bm25
004 Q0 647440220451905536 6 19.444717 bm25
004 Q0 647439236203982849 7 19.444717 bm25
004 Q0 647437149781016576 8 19.444717 bm25
004 Q0 647436890942087168 9 19.444717 bm25
004 Q0 647435786560929792 10 19.444717 bm25
004 Q0 647431958105059328 11 17.523561 bm25
004 Q0 651368335620337664 12 9.136154 bm25
004 Q0 651370219361947650 13 8.916251 bm25
004 Q0 652488275240751105 14 7.9171343 bm25
004 Q0 652488585724194816 15 7.478676 bm25
004 Q0 648234506302935040 16 7.154354 bm25
004 Q0 651023428795912192 17 7.0267105 bm25
004 Q0 648234151791984641 18 7.0025177 bm25
004 Q0 648234230087032832 19 6.9289913 bm25
004 Q0 653718643226865664 20 6.717393 bm25
005 Q0 653278261678579712 1 23.409159 bm25
005 Q0 653274267207999488 2 23.409159 bm25
005 Q0 653273954807902209 3 23.409159 bm25
005 Q0 653937319712530433 4 4.8245034 bm25
005 Q0 653278422714724352 5 4.742181 bm25
005 Q0 653278313973219328 6 4.742181 bm25
005 Q0 653938756681121792 7 4.662277 bm25
005 Q0 653278667544625153 8 4.2996793 bm25
005 Q0 653939908365709312 9 4.2996793 bm25
005 Q0 653275200662962176 10 4.238074 bm25
005 Q0 653941718157553666 11 4.038563 bm25
005 Q0 654279558766678016 12 3.9504807 bm25
005 Q0 654279044133953536 13 3.9504807 bm25
005 Q0 654279007568031745 14 3.9504807 bm25
005 Q0 654278766278086656 15 3.9504807 bm25
005 Q0 654278517438459904 16 3.9504807 bm25
005 Q0 654278402187374592 17 3.9504807 bm25
005 Q0 654278090399596545 18 3.9504807 bm25
005 Q0 654278060242550784 19 3.9504807 bm25
005 Q0 654278034246246400 20 3.9504807 bm25
006 Q0 653278437910573057 1 21.124529 bm25
006 Q0 653941305551155200 2 13.792737 bm25
006 Q0 653278312249225216 3 8.827418 bm25
006 Q0 653941285045276672 4 8.670438 bm25
006 Q0 653941412421963778 5 8.645855 bm25
006 Q0 653941259581714432 6 8.557846 bm25
006 Q0 653938373825036288 7 8.378976 bm25
006 Q0 654279232265191424 8 8.115998 bm25
006 Q0 651385140426473472 9 7.3014574 bm25
006 Q0 654279239978500096 10 6.434134 bm25
006 Q0 654279395570352128 11 5.7933326 bm25
006 Q0 654274841151979520 12 5.7933326 bm25
006 Q0 654279207309176832 13 5.7420115 bm25
006 Q0 654272000190480384 14 5.65045 bm25
006 Q0 653278456851992576 15 5.6145267 bm25
006 Q0 648234750310772736 16 5.1291494 bm25
006 Q0 653941425541935104 17 5.091793 bm25
006 Q0 653941438808395776 18 5.088809 bm25
006 Q0 653941491883208704 19 4.985188 bm25
006 Q0 653941497365028864 20 4.9333873 bm25
007 Q0 653720091985469440 1 40.35683 bm25
007 Q0 651023428795912192 2 9.404036 bm25
007 Q0 647044594832642048 3 8.24696 bm25
007 Q0 652113514954420224 4 7.2809253 bm25
007 Q0 653718201193250816 5 6.534096 bm25
007 Q0 653719376919724032 6 6.4696164 bm25
007 Q0 653718429661294592 7 6.4696164 bm25
007 Q0 653718657655148544 8 6.4401464 bm25
007 Q0 653718657311227904 9 6.4401464 bm25
007 Q0 653718775372599298 10 6.283776 bm25
007 Q0 653718188446715904 11 6.2242365 bm25
007 Q0 653718163058618368 12 6.2242365 bm25
007 Q0 654279268915093504 13 5.9679604 bm25
007 Q0 647044539665022976 14 5.6456776 bm25
007 Q0 647431327696977920 15 5.1703014 bm25
007 Q0 652057945962860544 16 4.9942255 bm25
007 Q0 647458691881431040 17 4.9570136 bm25
007 Q0 651385345192382464 18 4.833121 bm25
007 Q0 651385334593404928 19 4.833121 bm25
007 Q0 651385136722919424 20 4.7829003 bm25
008 Q0 653941412636008449 1 4.471375 bm25
008 Q0 653941409829883904 2 4.471375 bm25
008 Q0 653941264690249728 3 4.471375 bm25
008 Q0 653278329521504256 4 4.281584 bm25
008 Q0 654279404542140416 5 4.281584 bm25
008 Q0 654279266780188672 6 4.281584 bm25
008 Q0 653278366427181056 7 4.1926045 bm25
008 Q0 653278352816635904 8 4.1926045 bm25
008 Q0 647043198527873024 9 0.73500067 bm25
008 Q0 647440022027829248 10 0.7154247 bm25
008 Q0 652100960941133824 11 0.70590794 bm25
008 Q0 652093511894962176 12 0.70590794 bm25
008 Q0 653674504170958848 13 0.69226366 bm25
008 Q0 653679141942886400 14 0.6879409 bm25
008 Q0 653927200828297216 15 0.6879409 bm25
008 Q0 653666461832060929 16 0.67924297 bm25
008 Q0 653665859546824705 17 0.67924297 bm25
008 Q0 648373287945392128 18 0.67924297 bm25
008 Q0 647044040270196736 19 0.67924297 bm25
008 Q0 653931390258573312 20 0.6707622 bm25
009 Q0 653941491883208704 1 3.8422308 bm25
009 Q0 654279480593268736 2 3.8422308 bm25
009 Q0 653941416859709440 3 3.8023067 bm25
009 Q0 653941412421963778 4 3.7632034 bm25
009 Q0 653278313583017984 5 3.7248964 bm25
009 Q0 653941285045276672 6 3.7248964 bm25
009 Q0 653941259581714432 7 3.7248964 bm25
009 Q0 654279239978500096 8 3.6873612 bm25
010 Q0 653278473516138496 1 9.55815 bm25
010 Q0 653941515019010048 2 9.459853 bm25
010 Q0 653941343031533568 3 9.459853 bm25
010 Q0 654279441271554048 4 9.459853 bm25
010 Q0 653941485126184960 5 5.436879 bm25
010 Q0 651713352637411328 6 4.269499 bm25
010 Q0 653938431043702786 7 3.9670556 bm25
010 Q0 654275778939629568 8 3.938385 bm25
010 Q0 653277278177239040 9 3.8755436 bm25
010 Q0 653276938816122880 10 3.8755436 bm25
010 Q0 653276824026390529 11 3.8755436 bm25
010 Q0 654278625869565952 12 3.8499737 bm25
010 Q0 654278312563490817 13 3.8499737 bm25
010 Q0 654276740592836608 14 3.8499737 bm25
010 Q0 654275980241014784 15 3.8499737 bm25
010 Q0 653938373825036288 16 3.8313527 bm25
010 Q0 653270080931950592 17 3.7654443 bm25
010 Q0 654279470648545280 18 1.2918421 bm25
010 Q0 653278430633533441 19 1.2766864 bm25
010 Q0 653941318230671360 20 1.2618822 bm25
011 Q0 652489002075877377 1 18.125832 bm25
011 Q0 652488795833675776 2 18.125832 bm25
011 Q0 652488752179376128 3 18.125832 bm25
011 Q0 652488467499323392 4 18.125832 bm25
011 Q0 652488317674618880 5 18.125832 bm25
011 Q0 652488138196172800 6 18.125832 bm25
011 Q0 652488069321502720 7 18.125832 bm25
011 Q0 650777592132444160 8 7.4345403 bm25
011 Q0 652488566166130688 9 7.0747585 bm25
011 Q0 653278353496145920 10 3.5659122 bm25
011 Q0 650735921151643648 11 3.5659122 bm25
011 Q0 653719491642281984 12 3.5299792 bm25
012 Q0 651006465289908224 1 32.68843 bm25
012 Q0 651007119483883520 2 31.929049 bm25
012 Q0 651006666289381376 3 31.929049 bm25
012 Q0 653707015177568258 4 9.906915 bm25
012 Q0 653933101073215488 5 6.7289033 bm25
012 Q0 647446017323966464 6 5.6694684 bm25
012 Q0 653929054291271681 7 5.4995575 bm25
012 Q0 647044525282729984 8 4.8809147 bm25
012 Q0 651312537221378048 9 4.6224885 bm25
012 Q0 654269838932578304 10 4.0652056 bm25
012 Q0 647436508543254528 11 4.004145 bm25
012 Q0 652090127121031168 12 3.8595777 bm25
012 Q0 652488092708802560 13 3.8377378 bm25
012 Q0 652095206062444544 14 3.7688625 bm25
012 Q0 652090748272254976 15 3.7688625 bm25
012 Q0 647423605991735296 16 3.6823144 bm25
012 Q0 647439191052161024 17 3.599651 bm25
012 Q0 652476308262227968 18 3.5882087 bm25
012 Q0 647438728282144769 19 3.5596962 bm25
012 Q0 653941244427653120 20 3.5558302 bm25
013 Q0 651385457331142657 1 30.246021 bm25
013 Q0 651385189738905600 2 29.918106 bm25
013 Q0 651385476423806976 3 28.975683 bm25
013 Q0 651385369447956480 4 28.674599 bm25
013 Q0 651385433935380480 5 5.1306257 bm25
013 Q0 651385180113010688 6 5.1306257 bm25
013 Q0 652488334565113857 7 5.1202364 bm25
013 Q0 647042115311001600 8 4.773388 bm25
013 Q0 647452729619677184 9 4.773388 bm25
013 Q0 652488860560158720 10 4.6801972 bm25
013 Q0 652113390475722752 11 4.6789846 bm25
013 Q0 654266731058192384 12 4.6108294 bm25
013 Q0 647446017323966464 13 4.559076 bm25
013 Q0 652488794420080640 14 4.4971743 bm25
013 Q0 652488208417222656 15 4.4971743 bm25
013 Q0 652113599628988417 16 4.48089 bm25
013 Q0 647458500243681280 17 4.4292154 bm25
013 Q0 654279288510914560 18 4.322326 bm25
013 Q0 647044508778131456 19 4.2806535 bm25
013 Q0 654279404240113664 20 4.24137 bm25
014 Q0 651023594550611968 1 22.086323 bm25
014 Q0 651023409154015232 2 22.086323 bm25
014 Q0 652488504492949504 3 16.616083 bm25
014 Q0 652488421621895169 4 16.616083 bm25
014 Q0 651023693716529152 5 16.173218 bm25
014 Q0 652488231741689857 6 13.99711 bm25
014 Q0 651023760674418688 7 13.576084 bm25
014 Q0 651023453760421890 8 13.576084 bm25
014 Q0 651023492956078080 9 9.048874 bm25
014 Q0 651023599797706752 10 6.8391314 bm25
014 Q0 653278544668295168 11 6.7455354 bm25
014 Q0 651023696220581889 12 6.6323814 bm25
014 Q0 652488849990492161 13 6.364422 bm25
014 Q0 654279282051543041 14 6.239067 bm25
014 Q0 654279230864404481 15 6.239067 bm25
014 Q0 654279226263252992 16 6.239067 bm25
014 Q0 652113379264495617 17 6.040493 bm25
014 Q0 648233949429284864 18 5.74794 bm25
014 Q0 653278313583017984 19 4.958601 bm25
014 Q0 650788746665820162 20 4.908634 bm25
015 Q0 654279338091769856 1 26.879572 bm25
015 Q0 654279317355016192 2 23.509657 bm25
015 Q0 653941500552810496 3 9.752777 bm25
015 Q0 654279202666061824 4 6.747992 bm25
015 Q0 654278151799967744 5 6.747992 bm25
015 Q0 654277410918166528 6 6.747992 bm25
015 Q0 654276212173447168 7 6.747992 bm25
015 Q0 654275184912932864 8 6.747992 bm25
015 Q0 654271325054308353 9 6.747992 bm25
015 Q0 654269825376780289 10 6.747992 bm25
015 Q0 654269004870209536 11 6.747992 bm25
015 Q0 654268617287184385 12 6.747992 bm25
015 Q0 654268483035897856 13 6.747992 bm25
015 Q0 654267360279425024 14 6.747992 bm25
015 Q0 653278474317221888 15 5.162646 bm25
015 Q0 647042115311001600 16 4.773388 bm25
015 Q0 653719715173437440 17 4.7498293 bm25
015 Q0 654266731058192384 18 4.6108294 bm25
015 Q0 653719387413676032 19 4.5030537 bm25
015 Q0 651023739451260928 20 4.5030537 bm25
